mor admin, < back - error = admin part